AR decod behavioral D:/BENSI/Afficheur7seg/DECOD.vhd sub00/vhpl01 1456994995
AR afficheur behavioral D:/BENSI/Afficheur7seg/afficheur.vhd sub00/vhpl03 1456995674
EN decod NULL D:/BENSI/Afficheur7seg/DECOD.vhd sub00/vhpl00 1456994994
EN afficheur NULL D:/BENSI/Afficheur7seg/afficheur.vhd sub00/vhpl02 1456995673
